⚠️  TRANSCRIPT DISCLAIMER ⚠️
This transcript was generated using AI technology and may contain errors,
inaccuracies, or misinterpretations. Please review and verify the content
before using it for any official, legal, or critical purposes.
Generated by: Valuebell Transcriber
═══════════════════════════════════════════════════════════════════════════

[00:00:00] speaker_1:
Hello world

[00:01:01] speaker_2:
this is a test transcript for valuebell transcriber
